2024-06-12T17:37:47  refactor: simplify helper
2024-06-30T12:54:54  chore: routine maintenance
2024-07-25T19:11:01  docs: clarify usage notes
2024-08-20T14:28:08  test: add edge case
2024-09-14T09:45:15  refactor: tidy internals
2024-10-03T16:02:22  fix: handle empty input gracefully
2024-10-28T11:19:29  perf: micro-optimization
2024-11-23T18:36:36  style: formatting
2024-12-18T13:53:43  chore: bump dev tooling
2025-01-30T08:10:50  docs: expand examples
2025-01-31T15:27:57  test: strengthen coverage
2025-02-26T10:44:04  chore: tune defaults
2025-03-23T17:01:11  refactor: simplify helper
2025-05-05T12:18:18  chore: routine maintenance
2025-05-30T19:35:25  docs: clarify usage notes
2025-06-25T14:52:32  test: add edge case
2025-07-20T09:09:39  refactor: tidy internals
2025-07-21T16:26:46  fix: handle empty input gracefully
2025-09-02T11:43:53  perf: micro-optimization
2025-09-27T18:00:00  style: formatting
2025-10-23T13:17:07  chore: bump dev tooling
2025-11-17T08:34:14  docs: expand examples
2025-12-06T15:51:21  test: strengthen coverage
2025-12-31T10:08:28  chore: tune defaults
2026-01-26T17:25:35  refactor: simplify helper
2026-02-20T12:42:42  chore: routine maintenance
2026-03-11T19:59:49  docs: clarify usage notes
2026-04-05T14:16:56  test: add edge case
2026-05-01T09:33:03  refactor: tidy internals
2026-05-26T16:50:10  fix: handle empty input gracefully
2024-07-03T17:37:47  chore: feed the FOUNDRY
2024-11-09T12:54:54  chore: IRONCLAD hardening pass
2025-03-02T19:11:01  chore: ATHENA-PRIME calibration
2025-03-28T14:28:08  feat: PROMETHEUS unbound
2025-07-19T09:45:15  chore: BLACKBOOK redaction pass
2025-11-26T16:02:22  refactor: I have altered the code. pray I don't alter it further
